[brewhaus.framer.website/index.html]
[backblue.gif]
[fade.gif]
[index.html]
[framerusercontent.com/images/n2h59Cxvp3G1yBoNWya5aQcZNpk.png]
[framerusercontent.com/images/b101zQnrVM3gVExc1hXKTLGAaA.png]
[framerusercontent.com/images/qrvyKZj0tZxRLLmDweZfCl9qho.png]
[framerusercontent.com/assets/fdFCuDxadvccIzHpmm7N2RSl3Q.jpg]
[brewhaus.framer.website/menu.html]
[brewhaus.framer.website/locations.html]
[framerusercontent.com/images/BJt0EYVf25XwAJOHHFL8QL17gI.png]
[framerusercontent.com/images/NHPa5oGdDcM5WXBIDwyv46qTeE.png]
[framerusercontent.com/images/6nGFCCGoQtlastMfpDLsATx4LI.png]
[framerusercontent.com/images/11puU7x3l3K6SE9b90nvzvGc17f5.png]
[framerusercontent.com/images/hukQZa5L79Qfb4xSQb05wAnQJk.png]
[framerusercontent.com/images/aGov0YLph69oSXfLtikW25F3rQU.png]
[brewhaus.framer.website/menu/cold-brew.html]
[framerusercontent.com/images/SQyG9MUqC4l0tcOwMBUqKSPs.png]
[brewhaus.framer.website/menu/cappuccino.html]
[framerusercontent.com/images/ssv20ctJG9N8S5WPX2MopAoL9DQ.png]
[brewhaus.framer.website/menu/iced-latte.html]
[framerusercontent.com/images/RtPZ7mqSSNHSmKf1fOMFettvyxk.png]
[brewhaus.framer.website/menu/macaroon.html]
[framerusercontent.com/images/xfbGh8y8ldXuORIb7KqEPfWw.png]
[framerusercontent.com/images/Wj7gr7g3B7oONCaiJAc3UuqxH7k.jpg]
[framerusercontent.com/images/979kSbT8wyB1UQtDccDksrCQc.jpg]
[framerusercontent.com/images/vGTmFebYlkO9qE0VDnVl89qad4M.jpg]
[framerusercontent.com/images/M1JkuM3cwLfW85P9veFMxRmaU8.jpg]
[framerusercontent.com/images/PfqwIxfvIyrvSGs5aoSIk469Ec.jpg]
[framerusercontent.com/images/xkzPxQRZ8YIIdyL6tfb8JVXc7SU.jpg]
[brewhaus.framer.website/news.html]
[brewhaus.framer.website/news/celebrate-the-season-with-our-new-spring-drink-specials-today.html]
[framerusercontent.com/images/IIDCdWTwTxT5KThdrT0wl2JZDn0.jpg]
[brewhaus.framer.website/news/our-new-brewhaus-flushing-location-is-now-officially-open.html]
[framerusercontent.com/images/FrXcLKrSzmaNdrbGhcLh3t2abR4.jpg]
[brewhaus.framer.website/news/introducing-our-exciting-new-loyalty-program-for-coffee-lovers.html]
[framerusercontent.com/images/o0RxZHipUPhShJFgOyzdbgn6F4.jpg]
[brewhaus.framer.website/about-us.html]
[framerusercontent.com/images/rR6HYXBrMmX4cRpXfXUOvpvpB0.png]
[brewhaus.framer.website/index.html]
[framerusercontent.com/assets/DMGDXhUeLhkwSBfUfQ3FZ8t6o.jpg]
[brewhaus.framer.website/menu/macchiato.html]
[framerusercontent.com/images/z0yc6PWZkuY8BkA6ImTQefOZFY.png]
[brewhaus.framer.website/menu/espresso.html]
[framerusercontent.com/images/hoZX6pzHkPdcHwFyfgIUWoH6XmI.png]
[brewhaus.framer.website/menu/black-coffee.html]
[framerusercontent.com/images/11puU7x3l3K6SE9b90nvzvGc.png]
[brewhaus.framer.website/menu/flat-white.html]
[framerusercontent.com/images/dxZs3Tp8cXEJFji7fvl1fqX1E.png]
[brewhaus.framer.website/menu/latte.html]
[framerusercontent.com/images/Gi9XjDFBfBUXVUj9z4MYqnLz8cU.png]
[brewhaus.framer.website/menu/mocha.html]
[framerusercontent.com/images/8K6GrE5ji8jJrNfNMNTbKTuiGE.png]
[brewhaus.framer.website/menu/americano.html]
[framerusercontent.com/images/OZf6gG3OJQ68knQW7Ucvt4XGrw.png]
[brewhaus.framer.website/menu/virgin-mojito.html]
[brewhaus.framer.website/menu/iced-americano.html]
[framerusercontent.com/images/rI6etFq9ikNIilC8PvFeq2CUZWI.png]
[brewhaus.framer.website/menu/iced-mocha.html]
[framerusercontent.com/images/o5QXlM4xM0HUTFSUKxpLZeCiU.png]
[brewhaus.framer.website/menu/iced-tea.html]
[framerusercontent.com/images/dnJp1XqYfUM7OUwHcNqIV2RQdU.png]
[brewhaus.framer.website/menu/bubble-tea.html]
[framerusercontent.com/images/qeKjCHSItEptpWgi4ASBpMQdjNE.png]
[brewhaus.framer.website/menu/brownie.html]
[framerusercontent.com/images/nHg7vmUpJqIJ5PvcOhYPD5jNnE.png]
[brewhaus.framer.website/menu/donut.html]
[framerusercontent.com/images/v5TFV5yAifFsqM91u75rkOKgxd8.png]
[brewhaus.framer.website/menu/muffin.html]
[framerusercontent.com/images/xHTDSAyncKmRqGZTpdRY7gpq9iM.png]
[brewhaus.framer.website/menu/biscotti.html]
[framerusercontent.com/images/opmhtIcPfDoqfTrCqri8dE2Q2ew.png]
[brewhaus.framer.website/menu.html]
[framerusercontent.com/assets/LUgC2c1d1zFbWXMut79pOWPo.jpg]
[brewhaus.framer.website/locations.html]
[framerusercontent.com/images/SgRQPQZshG7guhce3eJf8u0Tb4.jpg]
[brewhaus.framer.website/menu/cold-brew.html]
[brewhaus.framer.website/menu/cappuccino.html]
[framerusercontent.com/images/hKKkWxW5JIYAF9gRw9YLlpOrdw.jpg]
[brewhaus.framer.website/menu/iced-latte.html]
[framerusercontent.com/images/c13VmdEBbxkoBTZXBZNdX7fjQJ0.jpg]
[brewhaus.framer.website/menu/macaroon.html]
[framerusercontent.com/assets/r7qqE7bLahpw61CvrBRXvvCA0KU.jpg]
[brewhaus.framer.website/news/we-re-now-available-on-doordash-and-uber-eats-for-easy-ordering.html]
[framerusercontent.com/images/7egrUsPPVRGr6WQC78WuAUm5a8.jpg]
[brewhaus.framer.website/news/brewhaus-proudly-celebrates-2-years-serving-brooklyn.html]
[framerusercontent.com/images/1gHePaabTng4LwlkSsDiRRnRao.jpg]
[brewhaus.framer.website/news/your-favorite-syrups-are-now-available-sugar-free-in-all-drinks.html]
[framerusercontent.com/images/Gkf5bb6dROEPyDRziEyewAivuPU.jpg]
[brewhaus.framer.website/news.html]
[brewhaus.framer.website/news/celebrate-the-season-with-our-new-spring-drink-specials-today.html]
[brewhaus.framer.website/news/our-new-brewhaus-flushing-location-is-now-officially-open.html]
[brewhaus.framer.website/news/introducing-our-exciting-new-loyalty-program-for-coffee-lovers.html]
[framerusercontent.com/assets/sltykEvidvMGMqH46YGDgs5p0u4.jpg]
[framerusercontent.com/images/TRQrUZfqFwtBogQidjSabtZZ6w.jpg]
[framerusercontent.com/images/NYAA9KGfxTS2J4rcXDd6dkJjY.jpg]
[framerusercontent.com/images/Q5ERH4YmoXHW77SUSd8uv8XXWY.jpg]
[framerusercontent.com/images/QNdUkmuse5eXYVugUQDGklxxBpQ.jpg]
[brewhaus.framer.website/about-us.html]
[brewhaus.framer.website/menu/macchiato.html]
[brewhaus.framer.website/menu/espresso.html]
[brewhaus.framer.website/menu/black-coffee.html]
[brewhaus.framer.website/menu/flat-white.html]
[brewhaus.framer.website/menu/latte.html]
[brewhaus.framer.website/menu/mocha.html]
[brewhaus.framer.website/menu/americano.html]
[brewhaus.framer.website/menu/virgin-mojito.html]
[brewhaus.framer.website/menu/iced-americano.html]
[brewhaus.framer.website/menu/iced-mocha.html]
[brewhaus.framer.website/menu/iced-tea.html]
[brewhaus.framer.website/menu/bubble-tea.html]
[brewhaus.framer.website/menu/brownie.html]
[brewhaus.framer.website/menu/donut.html]
[brewhaus.framer.website/menu/muffin.html]
[brewhaus.framer.website/menu/biscotti.html]
[brewhaus.framer.website/news/we-re-now-available-on-doordash-and-uber-eats-for-easy-ordering.html]
[brewhaus.framer.website/news/brewhaus-proudly-celebrates-2-years-serving-brooklyn.html]
[brewhaus.framer.website/news/your-favorite-syrups-are-now-available-sugar-free-in-all-drinks.html]
